// Jest Snapshot v1, https://goo.gl/fbAQLP

exports[`renders user list with labels for admins 1`] = `
Array [
  <h2>
    Users
  </h2>,
  <ul>
    <li>
      Cory
       
       - Admin
    </li>
    <li>
      Megan
       
    </li>
  </ul>,
]
`;
